// Jest Snapshot v1, https://goo.gl/fbAQLP

exports[`Salons should render some items when data arrives 1`] = `null`;
